// Jest Snapshot v1, https://goo.gl/fbAQLP

exports[`AppComponent should match the snapshot 1`] = `
<div
  id="root1"
  ng-version="6.0.5"
>
  <link
    crossorigin="anonymous"
    href="https://stackpath.bootstrapcdn.com/bootstrap/4.1.1/css/bootstrap.min.css"
    integrity="sha384-WskhaSGFgHYWDcbwN70/dfYBj47jz9qbsMId/iRN3ewGhXQFZCSftd1LZCfmhktB"
    rel="stylesheet"
  />
  <div
    id="wrapper"
  >
    <nav
      class="navbar navbar-expand-lg navbar-light bg-light"
    >
      <a
        class="navbar-brand"
        href="#"
      >
        Snap-Shot
      </a>
      <button
        aria-controls="navbarSupportedContent"
        aria-expanded="false"
        aria-label="Toggle navigation"
        class="navbar-toggler"
        data-target="#navbarSupportedContent"
        data-toggle="collapse"
        type="button"
      >
        <span
          class="navbar-toggler-icon"
        />
      </button>
      <div
        class="collapse navbar-collapse"
        id="navbarSupportedContent"
      >
        <ul
          class="navbar-nav mr-auto"
        >
          <li
            class="nav-item active"
          >
            <a
              class="nav-link"
              href=""
            >
              Home 
              <span
                class="sr-only"
              >
                (current)
              </span>
            </a>
          </li>
          <li
            class="nav-item"
          >
            <a
              class="nav-link"
              href="/about"
            >
              About
            </a>
          </li>
          <li
            class="nav-item"
          >
            <a
              class="nav-link"
              href="/video"
            >
              Videos
            </a>
          </li>
        </ul>
      </div>
    </nav>
    <br />
    <router-outlet />
    <div
      id="footer"
    >
      <div
        style="float: right;"
      >
         Written by Zachary Jensen 
        <img
          src="./favicon.ico"
          style="width: 50px;"
        />
      </div>
    </div>
  </div>
</div>
`;
